---
source: loco-gen/tests/templates/migration.rs
expression: collect_messages(&gen_result)
---
* Migration `add_user_ref_to_posts` added! You can now apply it with `$ cargo loco db migrate`.
