---
source: loco-gen/tests/templates/model.rs
expression: "fs::read_to_string(&migration_file).expect(\"Failed to read the migration file\")"
---
use loco_rs::schema::table_auto_tz;
use sea_orm_migration::{prelude::*, schema::*};

#[derive(DeriveMigrationName)]
pub struct Migration;

#[async_trait::async_trait]
impl MigrationTrait for Migration {
    async fn up(&self, manager: &SchemaManager) -> Result<(), DbErr> {
        manager
            .create_table(
                table_auto_tz(Movies::Table)
                    .col(pk_auto(Movies::Id))
                    .col(string_null(Movies::Title))
                    .to_owned(),
            )
            .await
    }

    async fn down(&self, manager: &SchemaManager) -> Result<(), DbErr> {
        manager
            .drop_table(Table::drop().table(Movies::Table).to_owned())
            .await
    }
}

#[derive(DeriveIden)]
enum Movies {
    Table,
    Id,
    Title,
    
}
