---
source: src/controller/extractor/auth.rs
expression: "extract_token(&jwt_config, &parts)"
snapshot_kind: text
---
Ok(
    "cookie_token_value",
)
