---
source: tests/templates/db.rs
expression: "format!(\"{:#?}\",\nassertion::yaml::get_value_at_path(&content, &[\"database\"]).unwrap())"
snapshot_kind: text
---
Mapping {
    "uri": Mapping {
        Mapping {
            "get_env(name=\"DATABASE_URL\"": Null,
            "default=\"postgres://loco:loco@localhost:5432/loco-app-test_development\")": Null,
        }: Null,
    },
    "enable_logging": Bool(false),
    "connect_timeout": Mapping {
        Mapping {
            "get_env(name=\"DB_CONNECT_TIMEOUT\"": Null,
            "default=\"500\")": Null,
        }: Null,
    },
    "idle_timeout": Mapping {
        Mapping {
            "get_env(name=\"DB_IDLE_TIMEOUT\"": Null,
            "default=\"500\")": Null,
        }: Null,
    },
    "min_connections": Mapping {
        Mapping {
            "get_env(name=\"DB_MIN_CONNECTIONS\"": Null,
            "default=\"1\")": Null,
        }: Null,
    },
    "max_connections": Mapping {
        Mapping {
            "get_env(name=\"DB_MAX_CONNECTIONS\"": Null,
            "default=\"1\")": Null,
        }: Null,
    },
    "auto_migrate": Bool(true),
    "dangerously_truncate": Bool(false),
    "dangerously_recreate": Bool(false),
}
